// Jest Snapshot v1, https://goo.gl/fbAQLP

exports[`Social icons component Must render properly 1`] = `
ShallowWrapper {
  "length": 1,
  Symbol(enzyme.__root__): [Circular],
  Symbol(enzyme.__unrendered__): <Social />,
  Symbol(enzyme.__renderer__): Object {
    "batchedUpdates": [Function],
    "getNode": [Function],
    "render": [Function],
    "simulateEvent": [Function],
    "unmount": [Function],
  },
  Symbol(enzyme.__node__): Object {
    "instance": null,
    "key": null,
    "nodeType": "class",
    "props": Object {
      "children": Array [
        <Link
          className=""
          url="https://github.com/OrencioRodolfo"
        >
          <Button
            icon="github fa-2x"
          />
        </Link>,
        <Link
          className=""
          url="https://www.linkedin.com/in/rodolfo-goncalves"
        >
          <Button
            icon="linkedin fa-2x"
          />
        </Link>,
        <Link
          className=""
          url="https://twitter.com/orenciorodolfo"
        >
          <Button
            icon="twitter fa-2x"
          />
        </Link>,
        <Link
          className=""
          url="https://www.facebook.com/orenciorodolfo"
        >
          <Button
            icon="facebook fa-2x"
          />
        </Link>,
      ],
    },
    "ref": null,
    "rendered": Array [
      Object {
        "instance": null,
        "key": null,
        "nodeType": "function",
        "props": Object {
          "children": <Button
            icon="github fa-2x"
          />,
          "className": "",
          "url": "https://github.com/OrencioRodolfo",
        },
        "ref": null,
        "rendered": Object {
          "instance": null,
          "key": null,
          "nodeType": "function",
          "props": Object {
            "icon": "github fa-2x",
          },
          "ref": null,
          "rendered": null,
          "type": [Function],
        },
        "type": [Function],
      },
      Object {
        "instance": null,
        "key": null,
        "nodeType": "function",
        "props": Object {
          "children": <Button
            icon="linkedin fa-2x"
          />,
          "className": "",
          "url": "https://www.linkedin.com/in/rodolfo-goncalves",
        },
        "ref": null,
        "rendered": Object {
          "instance": null,
          "key": null,
          "nodeType": "function",
          "props": Object {
            "icon": "linkedin fa-2x",
          },
          "ref": null,
          "rendered": null,
          "type": [Function],
        },
        "type": [Function],
      },
      Object {
        "instance": null,
        "key": null,
        "nodeType": "function",
        "props": Object {
          "children": <Button
            icon="twitter fa-2x"
          />,
          "className": "",
          "url": "https://twitter.com/orenciorodolfo",
        },
        "ref": null,
        "rendered": Object {
          "instance": null,
          "key": null,
          "nodeType": "function",
          "props": Object {
            "icon": "twitter fa-2x",
          },
          "ref": null,
          "rendered": null,
          "type": [Function],
        },
        "type": [Function],
      },
      Object {
        "instance": null,
        "key": null,
        "nodeType": "function",
        "props": Object {
          "children": <Button
            icon="facebook fa-2x"
          />,
          "className": "",
          "url": "https://www.facebook.com/orenciorodolfo",
        },
        "ref": null,
        "rendered": Object {
          "instance": null,
          "key": null,
          "nodeType": "function",
          "props": Object {
            "icon": "facebook fa-2x",
          },
          "ref": null,
          "rendered": null,
          "type": [Function],
        },
        "type": [Function],
      },
    ],
    "type": [Function],
  },
  Symbol(enzyme.__nodes__): Array [
    Object {
      "instance": null,
      "key": null,
      "nodeType": "class",
      "props": Object {
        "children": Array [
          <Link
            className=""
            url="https://github.com/OrencioRodolfo"
          >
            <Button
              icon="github fa-2x"
            />
          </Link>,
          <Link
            className=""
            url="https://www.linkedin.com/in/rodolfo-goncalves"
          >
            <Button
              icon="linkedin fa-2x"
            />
          </Link>,
          <Link
            className=""
            url="https://twitter.com/orenciorodolfo"
          >
            <Button
              icon="twitter fa-2x"
            />
          </Link>,
          <Link
            className=""
            url="https://www.facebook.com/orenciorodolfo"
          >
            <Button
              icon="facebook fa-2x"
            />
          </Link>,
        ],
      },
      "ref": null,
      "rendered": Array [
        Object {
          "instance": null,
          "key": null,
          "nodeType": "function",
          "props": Object {
            "children": <Button
              icon="github fa-2x"
            />,
            "className": "",
            "url": "https://github.com/OrencioRodolfo",
          },
          "ref": null,
          "rendered": Object {
            "instance": null,
            "key": null,
            "nodeType": "function",
            "props": Object {
              "icon": "github fa-2x",
            },
            "ref": null,
            "rendered": null,
            "type": [Function],
          },
          "type": [Function],
        },
        Object {
          "instance": null,
          "key": null,
          "nodeType": "function",
          "props": Object {
            "children": <Button
              icon="linkedin fa-2x"
            />,
            "className": "",
            "url": "https://www.linkedin.com/in/rodolfo-goncalves",
          },
          "ref": null,
          "rendered": Object {
            "instance": null,
            "key": null,
            "nodeType": "function",
            "props": Object {
              "icon": "linkedin fa-2x",
            },
            "ref": null,
            "rendered": null,
            "type": [Function],
          },
          "type": [Function],
        },
        Object {
          "instance": null,
          "key": null,
          "nodeType": "function",
          "props": Object {
            "children": <Button
              icon="twitter fa-2x"
            />,
            "className": "",
            "url": "https://twitter.com/orenciorodolfo",
          },
          "ref": null,
          "rendered": Object {
            "instance": null,
            "key": null,
            "nodeType": "function",
            "props": Object {
              "icon": "twitter fa-2x",
            },
            "ref": null,
            "rendered": null,
            "type": [Function],
          },
          "type": [Function],
        },
        Object {
          "instance": null,
          "key": null,
          "nodeType": "function",
          "props": Object {
            "children": <Button
              icon="facebook fa-2x"
            />,
            "className": "",
            "url": "https://www.facebook.com/orenciorodolfo",
          },
          "ref": null,
          "rendered": Object {
            "instance": null,
            "key": null,
            "nodeType": "function",
            "props": Object {
              "icon": "facebook fa-2x",
            },
            "ref": null,
            "rendered": null,
            "type": [Function],
          },
          "type": [Function],
        },
      ],
      "type": [Function],
    },
  ],
  Symbol(enzyme.__options__): Object {
    "adapter": ReactSixteenAdapter {
      "options": Object {
        "enableComponentDidUpdateOnSetState": true,
      },
    },
  },
}
`;
