// Jest Snapshot v1, https://goo.gl/fbAQLP

exports[`Commit history component Must render a list of commits 1`] = `
ShallowWrapper {
  "length": 1,
  Symbol(enzyme.__root__): [Circular],
  Symbol(enzyme.__unrendered__): <CommitHistory
    commits={
      Array [
        Object {
          "_id": "59d678d9f51fea02ea1209b7",
          "date": "2016-06-04T23:00:00.000Z",
          "description": "Description...",
          "hash": "d9094385acf7d47c7c5c6f7ceb6866b54f9b602d",
          "hashAlias": "d909438",
          "image": "https://avatars0.githubusercontent.com/u/4216535?v=4&s=72",
          "title": "A title",
        },
        Object {
          "_id": "59d678d9f51fea02ea1209b8",
          "date": "2015-06-04T23:00:00.000Z",
          "description": "Description...",
          "hash": "d9094385acf7d47c7c5c6f7ceb6866b54f9b602d",
          "hashAlias": "d909438",
          "image": "https://avatars0.githubusercontent.com/u/4216535?v=4&s=72",
          "title": "A title",
        },
      ]
    }
    getHistory={[Function]}
  />,
  Symbol(enzyme.__renderer__): Object {
    "batchedUpdates": [Function],
    "getNode": [Function],
    "render": [Function],
    "simulateEvent": [Function],
    "unmount": [Function],
  },
  Symbol(enzyme.__node__): Object {
    "instance": null,
    "key": null,
    "nodeType": "class",
    "props": Object {
      "children": Array [
        <styled.li>
          <styled.img
            alt="A title"
            height="50px"
            src="https://avatars0.githubusercontent.com/u/4216535?v=4&s=72"
            width="50px"
          />
          <styled.div>
            <styled.span>
              A title
            </styled.span>
            <styled.p>
              Description...
            </styled.p>
            <styled.span>
              commited by 
               
            </styled.span>
            <styled.span>
               - 
              d909438
            </styled.span>
          </styled.div>
          <div>
            <Button
              light={true}
            >
              <PillLeft>
                <Link
                  className="link"
                  url=""
                >
                  d909438
                </Link>
              </PillLeft>
              <PillRight>
                <Icon
                  icon="code"
                />
              </PillRight>
            </Button>
          </div>
        </styled.li>,
        <styled.li>
          <styled.img
            alt="A title"
            height="50px"
            src="https://avatars0.githubusercontent.com/u/4216535?v=4&s=72"
            width="50px"
          />
          <styled.div>
            <styled.span>
              A title
            </styled.span>
            <styled.p>
              Description...
            </styled.p>
            <styled.span>
              commited by 
               
            </styled.span>
            <styled.span>
               - 
              d909438
            </styled.span>
          </styled.div>
          <div>
            <Button
              light={true}
            >
              <PillLeft>
                <Link
                  className="link"
                  url=""
                >
                  d909438
                </Link>
              </PillLeft>
              <PillRight>
                <Icon
                  icon="code"
                />
              </PillRight>
            </Button>
          </div>
        </styled.li>,
      ],
    },
    "ref": null,
    "rendered": Array [
      Object {
        "instance": null,
        "key": "59d678d9f51fea02ea1209b7",
        "nodeType": "class",
        "props": Object {
          "children": Array [
            <styled.img
              alt="A title"
              height="50px"
              src="https://avatars0.githubusercontent.com/u/4216535?v=4&s=72"
              width="50px"
            />,
            <styled.div>
              <styled.span>
                A title
              </styled.span>
              <styled.p>
                Description...
              </styled.p>
              <styled.span>
                commited by 
                 
              </styled.span>
              <styled.span>
                 - 
                d909438
              </styled.span>
            </styled.div>,
            <div>
              <Button
                light={true}
              >
                <PillLeft>
                  <Link
                    className="link"
                    url=""
                  >
                    d909438
                  </Link>
                </PillLeft>
                <PillRight>
                  <Icon
                    icon="code"
                  />
                </PillRight>
              </Button>
            </div>,
          ],
        },
        "ref": null,
        "rendered": Array [
          Object {
            "instance": null,
            "key": null,
            "nodeType": "class",
            "props": Object {
              "alt": "A title",
              "height": "50px",
              "src": "https://avatars0.githubusercontent.com/u/4216535?v=4&s=72",
              "width": "50px",
            },
            "ref": null,
            "rendered": null,
            "type": [Function],
          },
          Object {
            "instance": null,
            "key": null,
            "nodeType": "class",
            "props": Object {
              "children": Array [
                <styled.span>
                  A title
                </styled.span>,
                <styled.p>
                  Description...
                </styled.p>,
                <styled.span>
                  commited by 
                   
                </styled.span>,
                <styled.span>
                   - 
                  d909438
                </styled.span>,
              ],
            },
            "ref": null,
            "rendered": Array [
              Object {
                "instance": null,
                "key": null,
                "nodeType": "class",
                "props": Object {
                  "children": "A title",
                },
                "ref": null,
                "rendered": "A title",
                "type": [Function],
              },
              Object {
                "instance": null,
                "key": null,
                "nodeType": "class",
                "props": Object {
                  "children": "Description...",
                },
                "ref": null,
                "rendered": "Description...",
                "type": [Function],
              },
              Object {
                "instance": null,
                "key": null,
                "nodeType": "class",
                "props": Object {
                  "children": Array [
                    "commited by ",
                    undefined,
                    " ",
                  ],
                },
                "ref": null,
                "rendered": Array [
                  "commited by ",
                  undefined,
                  " ",
                ],
                "type": [Function],
              },
              Object {
                "instance": null,
                "key": null,
                "nodeType": "class",
                "props": Object {
                  "children": Array [
                    " - ",
                    "d909438",
                  ],
                },
                "ref": null,
                "rendered": Array [
                  " - ",
                  "d909438",
                ],
                "type": [Function],
              },
            ],
            "type": [Function],
          },
          Object {
            "instance": null,
            "key": null,
            "nodeType": "host",
            "props": Object {
              "children": <Button
                light={true}
              >
                <PillLeft>
                  <Link
                    className="link"
                    url=""
                  >
                    d909438
                  </Link>
                </PillLeft>
                <PillRight>
                  <Icon
                    icon="code"
                  />
                </PillRight>
              </Button>,
            },
            "ref": null,
            "rendered": Object {
              "instance": null,
              "key": null,
              "nodeType": "function",
              "props": Object {
                "children": Array [
                  <PillLeft>
                    <Link
                      className="link"
                      url=""
                    >
                      d909438
                    </Link>
                  </PillLeft>,
                  <PillRight>
                    <Icon
                      icon="code"
                    />
                  </PillRight>,
                ],
                "light": true,
              },
              "ref": null,
              "rendered": Array [
                Object {
                  "instance": null,
                  "key": null,
                  "nodeType": "function",
                  "props": Object {
                    "children": <Link
                      className="link"
                      url=""
                    >
                      d909438
                    </Link>,
                  },
                  "ref": null,
                  "rendered": Object {
                    "instance": null,
                    "key": null,
                    "nodeType": "function",
                    "props": Object {
                      "children": "d909438",
                      "className": "link",
                      "url": "",
                    },
                    "ref": null,
                    "rendered": "d909438",
                    "type": [Function],
                  },
                  "type": [Function],
                },
                Object {
                  "instance": null,
                  "key": null,
                  "nodeType": "function",
                  "props": Object {
                    "children": <Icon
                      icon="code"
                    />,
                  },
                  "ref": null,
                  "rendered": Object {
                    "instance": null,
                    "key": null,
                    "nodeType": "function",
                    "props": Object {
                      "icon": "code",
                    },
                    "ref": null,
                    "rendered": null,
                    "type": [Function],
                  },
                  "type": [Function],
                },
              ],
              "type": [Function],
            },
            "type": "div",
          },
        ],
        "type": [Function],
      },
      Object {
        "instance": null,
        "key": "59d678d9f51fea02ea1209b8",
        "nodeType": "class",
        "props": Object {
          "children": Array [
            <styled.img
              alt="A title"
              height="50px"
              src="https://avatars0.githubusercontent.com/u/4216535?v=4&s=72"
              width="50px"
            />,
            <styled.div>
              <styled.span>
                A title
              </styled.span>
              <styled.p>
                Description...
              </styled.p>
              <styled.span>
                commited by 
                 
              </styled.span>
              <styled.span>
                 - 
                d909438
              </styled.span>
            </styled.div>,
            <div>
              <Button
                light={true}
              >
                <PillLeft>
                  <Link
                    className="link"
                    url=""
                  >
                    d909438
                  </Link>
                </PillLeft>
                <PillRight>
                  <Icon
                    icon="code"
                  />
                </PillRight>
              </Button>
            </div>,
          ],
        },
        "ref": null,
        "rendered": Array [
          Object {
            "instance": null,
            "key": null,
            "nodeType": "class",
            "props": Object {
              "alt": "A title",
              "height": "50px",
              "src": "https://avatars0.githubusercontent.com/u/4216535?v=4&s=72",
              "width": "50px",
            },
            "ref": null,
            "rendered": null,
            "type": [Function],
          },
          Object {
            "instance": null,
            "key": null,
            "nodeType": "class",
            "props": Object {
              "children": Array [
                <styled.span>
                  A title
                </styled.span>,
                <styled.p>
                  Description...
                </styled.p>,
                <styled.span>
                  commited by 
                   
                </styled.span>,
                <styled.span>
                   - 
                  d909438
                </styled.span>,
              ],
            },
            "ref": null,
            "rendered": Array [
              Object {
                "instance": null,
                "key": null,
                "nodeType": "class",
                "props": Object {
                  "children": "A title",
                },
                "ref": null,
                "rendered": "A title",
                "type": [Function],
              },
              Object {
                "instance": null,
                "key": null,
                "nodeType": "class",
                "props": Object {
                  "children": "Description...",
                },
                "ref": null,
                "rendered": "Description...",
                "type": [Function],
              },
              Object {
                "instance": null,
                "key": null,
                "nodeType": "class",
                "props": Object {
                  "children": Array [
                    "commited by ",
                    undefined,
                    " ",
                  ],
                },
                "ref": null,
                "rendered": Array [
                  "commited by ",
                  undefined,
                  " ",
                ],
                "type": [Function],
              },
              Object {
                "instance": null,
                "key": null,
                "nodeType": "class",
                "props": Object {
                  "children": Array [
                    " - ",
                    "d909438",
                  ],
                },
                "ref": null,
                "rendered": Array [
                  " - ",
                  "d909438",
                ],
                "type": [Function],
              },
            ],
            "type": [Function],
          },
          Object {
            "instance": null,
            "key": null,
            "nodeType": "host",
            "props": Object {
              "children": <Button
                light={true}
              >
                <PillLeft>
                  <Link
                    className="link"
                    url=""
                  >
                    d909438
                  </Link>
                </PillLeft>
                <PillRight>
                  <Icon
                    icon="code"
                  />
                </PillRight>
              </Button>,
            },
            "ref": null,
            "rendered": Object {
              "instance": null,
              "key": null,
              "nodeType": "function",
              "props": Object {
                "children": Array [
                  <PillLeft>
                    <Link
                      className="link"
                      url=""
                    >
                      d909438
                    </Link>
                  </PillLeft>,
                  <PillRight>
                    <Icon
                      icon="code"
                    />
                  </PillRight>,
                ],
                "light": true,
              },
              "ref": null,
              "rendered": Array [
                Object {
                  "instance": null,
                  "key": null,
                  "nodeType": "function",
                  "props": Object {
                    "children": <Link
                      className="link"
                      url=""
                    >
                      d909438
                    </Link>,
                  },
                  "ref": null,
                  "rendered": Object {
                    "instance": null,
                    "key": null,
                    "nodeType": "function",
                    "props": Object {
                      "children": "d909438",
                      "className": "link",
                      "url": "",
                    },
                    "ref": null,
                    "rendered": "d909438",
                    "type": [Function],
                  },
                  "type": [Function],
                },
                Object {
                  "instance": null,
                  "key": null,
                  "nodeType": "function",
                  "props": Object {
                    "children": <Icon
                      icon="code"
                    />,
                  },
                  "ref": null,
                  "rendered": Object {
                    "instance": null,
                    "key": null,
                    "nodeType": "function",
                    "props": Object {
                      "icon": "code",
                    },
                    "ref": null,
                    "rendered": null,
                    "type": [Function],
                  },
                  "type": [Function],
                },
              ],
              "type": [Function],
            },
            "type": "div",
          },
        ],
        "type": [Function],
      },
    ],
    "type": [Function],
  },
  Symbol(enzyme.__nodes__): Array [
    Object {
      "instance": null,
      "key": null,
      "nodeType": "class",
      "props": Object {
        "children": Array [
          <styled.li>
            <styled.img
              alt="A title"
              height="50px"
              src="https://avatars0.githubusercontent.com/u/4216535?v=4&s=72"
              width="50px"
            />
            <styled.div>
              <styled.span>
                A title
              </styled.span>
              <styled.p>
                Description...
              </styled.p>
              <styled.span>
                commited by 
                 
              </styled.span>
              <styled.span>
                 - 
                d909438
              </styled.span>
            </styled.div>
            <div>
              <Button
                light={true}
              >
                <PillLeft>
                  <Link
                    className="link"
                    url=""
                  >
                    d909438
                  </Link>
                </PillLeft>
                <PillRight>
                  <Icon
                    icon="code"
                  />
                </PillRight>
              </Button>
            </div>
          </styled.li>,
          <styled.li>
            <styled.img
              alt="A title"
              height="50px"
              src="https://avatars0.githubusercontent.com/u/4216535?v=4&s=72"
              width="50px"
            />
            <styled.div>
              <styled.span>
                A title
              </styled.span>
              <styled.p>
                Description...
              </styled.p>
              <styled.span>
                commited by 
                 
              </styled.span>
              <styled.span>
                 - 
                d909438
              </styled.span>
            </styled.div>
            <div>
              <Button
                light={true}
              >
                <PillLeft>
                  <Link
                    className="link"
                    url=""
                  >
                    d909438
                  </Link>
                </PillLeft>
                <PillRight>
                  <Icon
                    icon="code"
                  />
                </PillRight>
              </Button>
            </div>
          </styled.li>,
        ],
      },
      "ref": null,
      "rendered": Array [
        Object {
          "instance": null,
          "key": "59d678d9f51fea02ea1209b7",
          "nodeType": "class",
          "props": Object {
            "children": Array [
              <styled.img
                alt="A title"
                height="50px"
                src="https://avatars0.githubusercontent.com/u/4216535?v=4&s=72"
                width="50px"
              />,
              <styled.div>
                <styled.span>
                  A title
                </styled.span>
                <styled.p>
                  Description...
                </styled.p>
                <styled.span>
                  commited by 
                   
                </styled.span>
                <styled.span>
                   - 
                  d909438
                </styled.span>
              </styled.div>,
              <div>
                <Button
                  light={true}
                >
                  <PillLeft>
                    <Link
                      className="link"
                      url=""
                    >
                      d909438
                    </Link>
                  </PillLeft>
                  <PillRight>
                    <Icon
                      icon="code"
                    />
                  </PillRight>
                </Button>
              </div>,
            ],
          },
          "ref": null,
          "rendered": Array [
            Object {
              "instance": null,
              "key": null,
              "nodeType": "class",
              "props": Object {
                "alt": "A title",
                "height": "50px",
                "src": "https://avatars0.githubusercontent.com/u/4216535?v=4&s=72",
                "width": "50px",
              },
              "ref": null,
              "rendered": null,
              "type": [Function],
            },
            Object {
              "instance": null,
              "key": null,
              "nodeType": "class",
              "props": Object {
                "children": Array [
                  <styled.span>
                    A title
                  </styled.span>,
                  <styled.p>
                    Description...
                  </styled.p>,
                  <styled.span>
                    commited by 
                     
                  </styled.span>,
                  <styled.span>
                     - 
                    d909438
                  </styled.span>,
                ],
              },
              "ref": null,
              "rendered": Array [
                Object {
                  "instance": null,
                  "key": null,
                  "nodeType": "class",
                  "props": Object {
                    "children": "A title",
                  },
                  "ref": null,
                  "rendered": "A title",
                  "type": [Function],
                },
                Object {
                  "instance": null,
                  "key": null,
                  "nodeType": "class",
                  "props": Object {
                    "children": "Description...",
                  },
                  "ref": null,
                  "rendered": "Description...",
                  "type": [Function],
                },
                Object {
                  "instance": null,
                  "key": null,
                  "nodeType": "class",
                  "props": Object {
                    "children": Array [
                      "commited by ",
                      undefined,
                      " ",
                    ],
                  },
                  "ref": null,
                  "rendered": Array [
                    "commited by ",
                    undefined,
                    " ",
                  ],
                  "type": [Function],
                },
                Object {
                  "instance": null,
                  "key": null,
                  "nodeType": "class",
                  "props": Object {
                    "children": Array [
                      " - ",
                      "d909438",
                    ],
                  },
                  "ref": null,
                  "rendered": Array [
                    " - ",
                    "d909438",
                  ],
                  "type": [Function],
                },
              ],
              "type": [Function],
            },
            Object {
              "instance": null,
              "key": null,
              "nodeType": "host",
              "props": Object {
                "children": <Button
                  light={true}
                >
                  <PillLeft>
                    <Link
                      className="link"
                      url=""
                    >
                      d909438
                    </Link>
                  </PillLeft>
                  <PillRight>
                    <Icon
                      icon="code"
                    />
                  </PillRight>
                </Button>,
              },
              "ref": null,
              "rendered": Object {
                "instance": null,
                "key": null,
                "nodeType": "function",
                "props": Object {
                  "children": Array [
                    <PillLeft>
                      <Link
                        className="link"
                        url=""
                      >
                        d909438
                      </Link>
                    </PillLeft>,
                    <PillRight>
                      <Icon
                        icon="code"
                      />
                    </PillRight>,
                  ],
                  "light": true,
                },
                "ref": null,
                "rendered": Array [
                  Object {
                    "instance": null,
                    "key": null,
                    "nodeType": "function",
                    "props": Object {
                      "children": <Link
                        className="link"
                        url=""
                      >
                        d909438
                      </Link>,
                    },
                    "ref": null,
                    "rendered": Object {
                      "instance": null,
                      "key": null,
                      "nodeType": "function",
                      "props": Object {
                        "children": "d909438",
                        "className": "link",
                        "url": "",
                      },
                      "ref": null,
                      "rendered": "d909438",
                      "type": [Function],
                    },
                    "type": [Function],
                  },
                  Object {
                    "instance": null,
                    "key": null,
                    "nodeType": "function",
                    "props": Object {
                      "children": <Icon
                        icon="code"
                      />,
                    },
                    "ref": null,
                    "rendered": Object {
                      "instance": null,
                      "key": null,
                      "nodeType": "function",
                      "props": Object {
                        "icon": "code",
                      },
                      "ref": null,
                      "rendered": null,
                      "type": [Function],
                    },
                    "type": [Function],
                  },
                ],
                "type": [Function],
              },
              "type": "div",
            },
          ],
          "type": [Function],
        },
        Object {
          "instance": null,
          "key": "59d678d9f51fea02ea1209b8",
          "nodeType": "class",
          "props": Object {
            "children": Array [
              <styled.img
                alt="A title"
                height="50px"
                src="https://avatars0.githubusercontent.com/u/4216535?v=4&s=72"
                width="50px"
              />,
              <styled.div>
                <styled.span>
                  A title
                </styled.span>
                <styled.p>
                  Description...
                </styled.p>
                <styled.span>
                  commited by 
                   
                </styled.span>
                <styled.span>
                   - 
                  d909438
                </styled.span>
              </styled.div>,
              <div>
                <Button
                  light={true}
                >
                  <PillLeft>
                    <Link
                      className="link"
                      url=""
                    >
                      d909438
                    </Link>
                  </PillLeft>
                  <PillRight>
                    <Icon
                      icon="code"
                    />
                  </PillRight>
                </Button>
              </div>,
            ],
          },
          "ref": null,
          "rendered": Array [
            Object {
              "instance": null,
              "key": null,
              "nodeType": "class",
              "props": Object {
                "alt": "A title",
                "height": "50px",
                "src": "https://avatars0.githubusercontent.com/u/4216535?v=4&s=72",
                "width": "50px",
              },
              "ref": null,
              "rendered": null,
              "type": [Function],
            },
            Object {
              "instance": null,
              "key": null,
              "nodeType": "class",
              "props": Object {
                "children": Array [
                  <styled.span>
                    A title
                  </styled.span>,
                  <styled.p>
                    Description...
                  </styled.p>,
                  <styled.span>
                    commited by 
                     
                  </styled.span>,
                  <styled.span>
                     - 
                    d909438
                  </styled.span>,
                ],
              },
              "ref": null,
              "rendered": Array [
                Object {
                  "instance": null,
                  "key": null,
                  "nodeType": "class",
                  "props": Object {
                    "children": "A title",
                  },
                  "ref": null,
                  "rendered": "A title",
                  "type": [Function],
                },
                Object {
                  "instance": null,
                  "key": null,
                  "nodeType": "class",
                  "props": Object {
                    "children": "Description...",
                  },
                  "ref": null,
                  "rendered": "Description...",
                  "type": [Function],
                },
                Object {
                  "instance": null,
                  "key": null,
                  "nodeType": "class",
                  "props": Object {
                    "children": Array [
                      "commited by ",
                      undefined,
                      " ",
                    ],
                  },
                  "ref": null,
                  "rendered": Array [
                    "commited by ",
                    undefined,
                    " ",
                  ],
                  "type": [Function],
                },
                Object {
                  "instance": null,
                  "key": null,
                  "nodeType": "class",
                  "props": Object {
                    "children": Array [
                      " - ",
                      "d909438",
                    ],
                  },
                  "ref": null,
                  "rendered": Array [
                    " - ",
                    "d909438",
                  ],
                  "type": [Function],
                },
              ],
              "type": [Function],
            },
            Object {
              "instance": null,
              "key": null,
              "nodeType": "host",
              "props": Object {
                "children": <Button
                  light={true}
                >
                  <PillLeft>
                    <Link
                      className="link"
                      url=""
                    >
                      d909438
                    </Link>
                  </PillLeft>
                  <PillRight>
                    <Icon
                      icon="code"
                    />
                  </PillRight>
                </Button>,
              },
              "ref": null,
              "rendered": Object {
                "instance": null,
                "key": null,
                "nodeType": "function",
                "props": Object {
                  "children": Array [
                    <PillLeft>
                      <Link
                        className="link"
                        url=""
                      >
                        d909438
                      </Link>
                    </PillLeft>,
                    <PillRight>
                      <Icon
                        icon="code"
                      />
                    </PillRight>,
                  ],
                  "light": true,
                },
                "ref": null,
                "rendered": Array [
                  Object {
                    "instance": null,
                    "key": null,
                    "nodeType": "function",
                    "props": Object {
                      "children": <Link
                        className="link"
                        url=""
                      >
                        d909438
                      </Link>,
                    },
                    "ref": null,
                    "rendered": Object {
                      "instance": null,
                      "key": null,
                      "nodeType": "function",
                      "props": Object {
                        "children": "d909438",
                        "className": "link",
                        "url": "",
                      },
                      "ref": null,
                      "rendered": "d909438",
                      "type": [Function],
                    },
                    "type": [Function],
                  },
                  Object {
                    "instance": null,
                    "key": null,
                    "nodeType": "function",
                    "props": Object {
                      "children": <Icon
                        icon="code"
                      />,
                    },
                    "ref": null,
                    "rendered": Object {
                      "instance": null,
                      "key": null,
                      "nodeType": "function",
                      "props": Object {
                        "icon": "code",
                      },
                      "ref": null,
                      "rendered": null,
                      "type": [Function],
                    },
                    "type": [Function],
                  },
                ],
                "type": [Function],
              },
              "type": "div",
            },
          ],
          "type": [Function],
        },
      ],
      "type": [Function],
    },
  ],
  Symbol(enzyme.__options__): Object {
    "adapter": ReactSixteenAdapter {
      "options": Object {
        "enableComponentDidUpdateOnSetState": true,
      },
    },
  },
}
`;

exports[`Commit history component Must render an empty list properly 1`] = `
ShallowWrapper {
  "length": 1,
  Symbol(enzyme.__root__): [Circular],
  Symbol(enzyme.__unrendered__): <CommitHistory
    commits={Array []}
    getHistory={[Function]}
  />,
  Symbol(enzyme.__renderer__): Object {
    "batchedUpdates": [Function],
    "getNode": [Function],
    "render": [Function],
    "simulateEvent": [Function],
    "unmount": [Function],
  },
  Symbol(enzyme.__node__): Object {
    "instance": null,
    "key": null,
    "nodeType": "class",
    "props": Object {
      "children": Array [],
    },
    "ref": null,
    "rendered": Array [],
    "type": [Function],
  },
  Symbol(enzyme.__nodes__): Array [
    Object {
      "instance": null,
      "key": null,
      "nodeType": "class",
      "props": Object {
        "children": Array [],
      },
      "ref": null,
      "rendered": Array [],
      "type": [Function],
    },
  ],
  Symbol(enzyme.__options__): Object {
    "adapter": ReactSixteenAdapter {
      "options": Object {
        "enableComponentDidUpdateOnSetState": true,
      },
    },
  },
}
`;
