// Jest Snapshot v1, https://goo.gl/fbAQLP

exports[`Home component Must render properly 1`] = `
ShallowWrapper {
  "length": 1,
  Symbol(enzyme.__root__): [Circular],
  Symbol(enzyme.__unrendered__): <Home
    description=""
    getAbout={[Function]}
  />,
  Symbol(enzyme.__renderer__): Object {
    "batchedUpdates": [Function],
    "getNode": [Function],
    "render": [Function],
    "simulateEvent": [Function],
    "unmount": [Function],
  },
  Symbol(enzyme.__node__): Object {
    "instance": null,
    "key": null,
    "nodeType": "class",
    "props": Object {
      "children": Array [
        <Header />,
        <Subhead />,
        <Container
          className="grow"
        >
          <styled.p>
            
          </styled.p>
        </Container>,
        <Footer />,
      ],
    },
    "ref": null,
    "rendered": Array [
      Object {
        "instance": null,
        "key": null,
        "nodeType": "function",
        "props": Object {},
        "ref": null,
        "rendered": null,
        "type": [Function],
      },
      Object {
        "instance": null,
        "key": null,
        "nodeType": "function",
        "props": Object {},
        "ref": null,
        "rendered": null,
        "type": [Function],
      },
      Object {
        "instance": null,
        "key": null,
        "nodeType": "function",
        "props": Object {
          "children": <styled.p>
            
          </styled.p>,
          "className": "grow",
        },
        "ref": null,
        "rendered": Object {
          "instance": null,
          "key": null,
          "nodeType": "class",
          "props": Object {
            "children": "",
          },
          "ref": null,
          "rendered": "",
          "type": [Function],
        },
        "type": [Function],
      },
      Object {
        "instance": null,
        "key": null,
        "nodeType": "function",
        "props": Object {},
        "ref": null,
        "rendered": null,
        "type": [Function],
      },
    ],
    "type": [Function],
  },
  Symbol(enzyme.__nodes__): Array [
    Object {
      "instance": null,
      "key": null,
      "nodeType": "class",
      "props": Object {
        "children": Array [
          <Header />,
          <Subhead />,
          <Container
            className="grow"
          >
            <styled.p>
              
            </styled.p>
          </Container>,
          <Footer />,
        ],
      },
      "ref": null,
      "rendered": Array [
        Object {
          "instance": null,
          "key": null,
          "nodeType": "function",
          "props": Object {},
          "ref": null,
          "rendered": null,
          "type": [Function],
        },
        Object {
          "instance": null,
          "key": null,
          "nodeType": "function",
          "props": Object {},
          "ref": null,
          "rendered": null,
          "type": [Function],
        },
        Object {
          "instance": null,
          "key": null,
          "nodeType": "function",
          "props": Object {
            "children": <styled.p>
              
            </styled.p>,
            "className": "grow",
          },
          "ref": null,
          "rendered": Object {
            "instance": null,
            "key": null,
            "nodeType": "class",
            "props": Object {
              "children": "",
            },
            "ref": null,
            "rendered": "",
            "type": [Function],
          },
          "type": [Function],
        },
        Object {
          "instance": null,
          "key": null,
          "nodeType": "function",
          "props": Object {},
          "ref": null,
          "rendered": null,
          "type": [Function],
        },
      ],
      "type": [Function],
    },
  ],
  Symbol(enzyme.__options__): Object {
    "adapter": ReactSixteenAdapter {
      "options": Object {
        "enableComponentDidUpdateOnSetState": true,
      },
    },
  },
}
`;
