// Jest Snapshot v1, https://goo.gl/fbAQLP

exports[`Must render the left content of a pill button 1`] = `
ShallowWrapper {
  "length": 1,
  Symbol(enzyme.__root__): [Circular],
  Symbol(enzyme.__unrendered__): <Header>
    Left content
  </Header>,
  Symbol(enzyme.__renderer__): Object {
    "batchedUpdates": [Function],
    "getNode": [Function],
    "render": [Function],
    "simulateEvent": [Function],
    "unmount": [Function],
  },
  Symbol(enzyme.__node__): Object {
    "instance": null,
    "key": null,
    "nodeType": "class",
    "props": Object {
      "children": <Container>
        <styled.section>
          <span>
            @orenciorodolfo
          </span>
          <styled.div>
            <Button
              icon="github fa-2x"
            />
            <Button
              icon="linkedin fa-2x"
            />
            <Button
              icon="twitter fa-2x"
            />
            <Button
              icon="facebook fa-2x"
            />
          </styled.div>
        </styled.section>
      </Container>,
    },
    "ref": null,
    "rendered": Object {
      "instance": null,
      "key": null,
      "nodeType": "function",
      "props": Object {
        "children": <styled.section>
          <span>
            @orenciorodolfo
          </span>
          <styled.div>
            <Button
              icon="github fa-2x"
            />
            <Button
              icon="linkedin fa-2x"
            />
            <Button
              icon="twitter fa-2x"
            />
            <Button
              icon="facebook fa-2x"
            />
          </styled.div>
        </styled.section>,
      },
      "ref": null,
      "rendered": Object {
        "instance": null,
        "key": null,
        "nodeType": "class",
        "props": Object {
          "children": Array [
            <span>
              @orenciorodolfo
            </span>,
            <styled.div>
              <Button
                icon="github fa-2x"
              />
              <Button
                icon="linkedin fa-2x"
              />
              <Button
                icon="twitter fa-2x"
              />
              <Button
                icon="facebook fa-2x"
              />
            </styled.div>,
          ],
        },
        "ref": null,
        "rendered": Array [
          Object {
            "instance": null,
            "key": null,
            "nodeType": "host",
            "props": Object {
              "children": "@orenciorodolfo",
            },
            "ref": null,
            "rendered": "@orenciorodolfo",
            "type": "span",
          },
          Object {
            "instance": null,
            "key": null,
            "nodeType": "class",
            "props": Object {
              "children": Array [
                <Button
                  icon="github fa-2x"
                />,
                <Button
                  icon="linkedin fa-2x"
                />,
                <Button
                  icon="twitter fa-2x"
                />,
                <Button
                  icon="facebook fa-2x"
                />,
              ],
            },
            "ref": null,
            "rendered": Array [
              Object {
                "instance": null,
                "key": null,
                "nodeType": "function",
                "props": Object {
                  "icon": "github fa-2x",
                },
                "ref": null,
                "rendered": null,
                "type": [Function],
              },
              Object {
                "instance": null,
                "key": null,
                "nodeType": "function",
                "props": Object {
                  "icon": "linkedin fa-2x",
                },
                "ref": null,
                "rendered": null,
                "type": [Function],
              },
              Object {
                "instance": null,
                "key": null,
                "nodeType": "function",
                "props": Object {
                  "icon": "twitter fa-2x",
                },
                "ref": null,
                "rendered": null,
                "type": [Function],
              },
              Object {
                "instance": null,
                "key": null,
                "nodeType": "function",
                "props": Object {
                  "icon": "facebook fa-2x",
                },
                "ref": null,
                "rendered": null,
                "type": [Function],
              },
            ],
            "type": [Function],
          },
        ],
        "type": [Function],
      },
      "type": [Function],
    },
    "type": [Function],
  },
  Symbol(enzyme.__nodes__): Array [
    Object {
      "instance": null,
      "key": null,
      "nodeType": "class",
      "props": Object {
        "children": <Container>
          <styled.section>
            <span>
              @orenciorodolfo
            </span>
            <styled.div>
              <Button
                icon="github fa-2x"
              />
              <Button
                icon="linkedin fa-2x"
              />
              <Button
                icon="twitter fa-2x"
              />
              <Button
                icon="facebook fa-2x"
              />
            </styled.div>
          </styled.section>
        </Container>,
      },
      "ref": null,
      "rendered": Object {
        "instance": null,
        "key": null,
        "nodeType": "function",
        "props": Object {
          "children": <styled.section>
            <span>
              @orenciorodolfo
            </span>
            <styled.div>
              <Button
                icon="github fa-2x"
              />
              <Button
                icon="linkedin fa-2x"
              />
              <Button
                icon="twitter fa-2x"
              />
              <Button
                icon="facebook fa-2x"
              />
            </styled.div>
          </styled.section>,
        },
        "ref": null,
        "rendered": Object {
          "instance": null,
          "key": null,
          "nodeType": "class",
          "props": Object {
            "children": Array [
              <span>
                @orenciorodolfo
              </span>,
              <styled.div>
                <Button
                  icon="github fa-2x"
                />
                <Button
                  icon="linkedin fa-2x"
                />
                <Button
                  icon="twitter fa-2x"
                />
                <Button
                  icon="facebook fa-2x"
                />
              </styled.div>,
            ],
          },
          "ref": null,
          "rendered": Array [
            Object {
              "instance": null,
              "key": null,
              "nodeType": "host",
              "props": Object {
                "children": "@orenciorodolfo",
              },
              "ref": null,
              "rendered": "@orenciorodolfo",
              "type": "span",
            },
            Object {
              "instance": null,
              "key": null,
              "nodeType": "class",
              "props": Object {
                "children": Array [
                  <Button
                    icon="github fa-2x"
                  />,
                  <Button
                    icon="linkedin fa-2x"
                  />,
                  <Button
                    icon="twitter fa-2x"
                  />,
                  <Button
                    icon="facebook fa-2x"
                  />,
                ],
              },
              "ref": null,
              "rendered": Array [
                Object {
                  "instance": null,
                  "key": null,
                  "nodeType": "function",
                  "props": Object {
                    "icon": "github fa-2x",
                  },
                  "ref": null,
                  "rendered": null,
                  "type": [Function],
                },
                Object {
                  "instance": null,
                  "key": null,
                  "nodeType": "function",
                  "props": Object {
                    "icon": "linkedin fa-2x",
                  },
                  "ref": null,
                  "rendered": null,
                  "type": [Function],
                },
                Object {
                  "instance": null,
                  "key": null,
                  "nodeType": "function",
                  "props": Object {
                    "icon": "twitter fa-2x",
                  },
                  "ref": null,
                  "rendered": null,
                  "type": [Function],
                },
                Object {
                  "instance": null,
                  "key": null,
                  "nodeType": "function",
                  "props": Object {
                    "icon": "facebook fa-2x",
                  },
                  "ref": null,
                  "rendered": null,
                  "type": [Function],
                },
              ],
              "type": [Function],
            },
          ],
          "type": [Function],
        },
        "type": [Function],
      },
      "type": [Function],
    },
  ],
  Symbol(enzyme.__options__): Object {
    "adapter": ReactSixteenAdapter {
      "options": Object {
        "enableComponentDidUpdateOnSetState": true,
      },
    },
  },
}
`;
