// Jest Snapshot v1, https://goo.gl/fbAQLP

exports[`should render a label 1`] = `
ShallowWrapper {
  "length": 1,
  Symbol(enzyme.__root__): [Circular],
  Symbol(enzyme.__unrendered__): <App />,
  Symbol(enzyme.__renderer__): Object {
    "batchedUpdates": [Function],
    "getNode": [Function],
    "render": [Function],
    "simulateEvent": [Function],
    "unmount": [Function],
  },
  Symbol(enzyme.__node__): Object {
    "instance": null,
    "key": null,
    "nodeType": "host",
    "props": Object {
      "children": Array [
        <styled.div>
          Hello World
        </styled.div>,
        <PillLeft>
          a
        </PillLeft>,
        <PillRight>
          b
        </PillRight>,
      ],
      "style": Object {
        "textAlign": "center",
      },
    },
    "ref": null,
    "rendered": Array [
      Object {
        "instance": null,
        "key": null,
        "nodeType": "class",
        "props": Object {
          "children": "Hello World",
        },
        "ref": null,
        "rendered": "Hello World",
        "type": [Function],
      },
      Object {
        "instance": null,
        "key": null,
        "nodeType": "function",
        "props": Object {
          "children": "a",
        },
        "ref": null,
        "rendered": "a",
        "type": [Function],
      },
      Object {
        "instance": null,
        "key": null,
        "nodeType": "function",
        "props": Object {
          "children": "b",
        },
        "ref": null,
        "rendered": "b",
        "type": [Function],
      },
    ],
    "type": "div",
  },
  Symbol(enzyme.__nodes__): Array [
    Object {
      "instance": null,
      "key": null,
      "nodeType": "host",
      "props": Object {
        "children": Array [
          <styled.div>
            Hello World
          </styled.div>,
          <PillLeft>
            a
          </PillLeft>,
          <PillRight>
            b
          </PillRight>,
        ],
        "style": Object {
          "textAlign": "center",
        },
      },
      "ref": null,
      "rendered": Array [
        Object {
          "instance": null,
          "key": null,
          "nodeType": "class",
          "props": Object {
            "children": "Hello World",
          },
          "ref": null,
          "rendered": "Hello World",
          "type": [Function],
        },
        Object {
          "instance": null,
          "key": null,
          "nodeType": "function",
          "props": Object {
            "children": "a",
          },
          "ref": null,
          "rendered": "a",
          "type": [Function],
        },
        Object {
          "instance": null,
          "key": null,
          "nodeType": "function",
          "props": Object {
            "children": "b",
          },
          "ref": null,
          "rendered": "b",
          "type": [Function],
        },
      ],
      "type": "div",
    },
  ],
  Symbol(enzyme.__options__): Object {
    "adapter": ReactSixteenAdapter {
      "options": Object {
        "enableComponentDidUpdateOnSetState": true,
      },
    },
  },
}
`;
